fix-content-locales 开始 2026-08-23T09:07:37.040Z dryRun=false
仅模块: brandNarrative

=== 企业叙事 brand narratives ===
[brandNarrative] training#block0.item1 → translate_en-locales
[brandNarrative] training#block0.item2 → translate_en-locales
[brandNarrative] training#block0.item3 → translate_en-locales
[brandNarrative] training#block1.item0 → translate_en-locales
[brandNarrative] training#block1.item2 → translate_en-locales
[brandNarrative] training#block1.item3 → translate_en-locales
[brandNarrative] training#block2 → translate_en-locales
[brandNarrative] about#block1.item1 → translate_en-locales
[brandNarrative] about#block1.item2 → translate_en-locales
[brandNarrative] about#block3 → translate_en-locales
[brandNarrative] about#block3.item1 → translate_en-locales
[brandNarrative] about#block3.item2 → translate_en-locales
[brandNarrative] about#block3.item3 → translate_en-locales
[brandNarrative] history#block1.item2 → translate_en-locales
[brandNarrative] history#block2 → translate_en-locales
[brandNarrative] patents#block0 → translate_en-locales
[brandNarrative] patents#block0.item1 → translate_en-locales
[brandNarrative] patents#block0.item2 → translate_en-locales
[brandNarrative] patents#block0.item3 → translate_en-locales
[brandNarrative] patents#block0.item4 → translate_en-locales
[brandNarrative] patents#block0.item5 → translate_en-locales
[brandNarrative] patents#block2.item1 → translate_en-locales
[brandNarrative] patents#block2.item2 → translate_en-locales

=== 复扫校验 ===
  surgeon: missingEn=0, zhInEn=0
  partnerCenter: missingEn=0, zhInEn=0
  summit: missingEn=0, zhInEn=0
  companyProfile: missingEn=0, zhInEn=0
  homepageConfig: missingEn=0, zhInEn=0
  socialMedia: missingEn=0, zhInEn=0
  brandNarrative: missingEn=0, zhInEn=0
  solution: missingEn=0, zhInEn=0
  product: missingEn=0, zhInEn=0
  blog: missingEn=0, zhInEn=0

=== 摘要 ===
{
  "swapped": 0,
  "moved": 0,
  "translated": 23,
  "retranslated": 0,
  "skipped": 0,
  "failed": 0,
  "ok": 4
}
复扫通过：未发现 zh_in_en，有中文的条目均具备有效英文。